HardwareMJPEGDecoder.hpp:62:22:virtual uint32_t HardwareMJPEGDecoder::getCurrentFrameNumber() const	0	static
HardwareMJPEGDecoder.hpp:75:23:virtual MJPEGDecoder::AVIErrors HardwareMJPEGDecoder::getLastError()	0	static
HardwareMJPEGDecoder.cpp:298:6:virtual bool HardwareMJPEGDecoder::hasVideo()	0	static
HardwareMJPEGDecoder.cpp:523:10:virtual uint32_t HardwareMJPEGDecoder::getNumberOfFrames()	0	static
HardwareMJPEGDecoder.cpp:528:6:virtual void HardwareMJPEGDecoder::setRepeatVideo(bool)	0	static
HardwareMJPEGDecoder.cpp:533:6:virtual void HardwareMJPEGDecoder::getVideoInfo(touchgfx::VideoInformation*)	8	static
HardwareMJPEGDecoder.hpp:45:7:HardwareMJPEGDecoder::~HardwareMJPEGDecoder()	0	static
HardwareMJPEGDecoder.cpp:497:6:virtual bool HardwareMJPEGDecoder::decodeThumbnail(uint32_t, uint8_t*, uint16_t, uint16_t)	8	static
HardwareMJPEGDecoder.hpp:45:7:virtual HardwareMJPEGDecoder::~HardwareMJPEGDecoder()	8	static
HardwareMJPEGDecoder.cpp:101:1:HardwareMJPEGDecoder::HardwareMJPEGDecoder()	8	static
HardwareMJPEGDecoder.cpp:115:5:int HardwareMJPEGDecoder::compare(uint32_t, const char*, uint32_t)	8	static
HardwareMJPEGDecoder.cpp:130:17:uint32_t HardwareMJPEGDecoder::getU32(uint32_t)	8	static
HardwareMJPEGDecoder.cpp:150:17:uint32_t HardwareMJPEGDecoder::getU16(uint32_t)	0	static
HardwareMJPEGDecoder.cpp:168:16:const uint8_t* HardwareMJPEGDecoder::readData(uint32_t, uint32_t)	16	static
HardwareMJPEGDecoder.cpp:243:6:virtual bool HardwareMJPEGDecoder::gotoNextFrame()	24	static
HardwareMJPEGDecoder.cpp:503:6:virtual void HardwareMJPEGDecoder::gotoFrame(uint32_t)	16	static
HardwareMJPEGDecoder.cpp:303:6:void HardwareMJPEGDecoder::readVideoHeader()	24	static
HardwareMJPEGDecoder.cpp:280:6:virtual void HardwareMJPEGDecoder::setVideoData(const uint8_t*, uint32_t)	0	static
HardwareMJPEGDecoder.cpp:289:6:virtual void HardwareMJPEGDecoder::setVideoData(touchgfx::VideoDataReader&)	8	static
HardwareMJPEGDecoder.cpp:550:14:uint32_t JPEG_Decode_DMA(JPEG_HandleTypeDef*, uint8_t*, uint32_t, uint8_t*)	24	static
HardwareMJPEGDecoder.cpp:592:10:void HAL_JPEG_InfoReadyCallback(JPEG_HandleTypeDef*, JPEG_ConfTypeDef*)	0	static
HardwareMJPEGDecoder.cpp:648:10:void HAL_JPEG_GetDataCallback(JPEG_HandleTypeDef*, uint32_t)	8	static
HardwareMJPEGDecoder.cpp:667:10:void HAL_JPEG_DataReadyCallback(JPEG_HandleTypeDef*, uint8_t*, uint32_t)	32	static
HardwareMJPEGDecoder.cpp:734:10:void HAL_JPEG_ErrorCallback(JPEG_HandleTypeDef*)	0	static
HardwareMJPEGDecoder.cpp:747:10:void HAL_JPEG_DecodeCpltCallback(JPEG_HandleTypeDef*)	0	static
HardwareMJPEGDecoder.cpp:758:10:uint32_t JPEG_OutputHandler(JPEG_HandleTypeDef*)	16	static
HardwareMJPEGDecoder.cpp:405:6:void HardwareMJPEGDecoder::decodeMJPEGFrame(const uint8_t*, uint32_t, uint8_t*, uint16_t, uint16_t, uint32_t)	16	static
HardwareMJPEGDecoder.cpp:191:6:virtual bool HardwareMJPEGDecoder::decodeNextFrame(uint8_t*, uint16_t, uint16_t, uint32_t)	48	static
HardwareMJPEGDecoder.cpp:444:6:virtual bool HardwareMJPEGDecoder::decodeFrame(const touchgfx::Rect&, uint8_t*, uint32_t)	32	static
HardwareMJPEGDecoder.cpp:792:6:void DMA2D_CopyBuffer(JPEG_Data_BufferTypeDef&)	20	static
HardwareMJPEGDecoder.cpp:840:6:void DMA2D_CropBuffer(JPEG_Data_BufferTypeDef&)	80	static
HardwareMJPEGDecoder.cpp:904:6:void DMA2D_ExternalJobCompleted(JPEG_Data_BufferTypeDef&)	0	static
