HAL.hpp:124:18:virtual void touchgfx::HAL::setDisplayOrientation(touchgfx::DisplayOrientation)	0	static
HAL.hpp:670:18:virtual bool touchgfx::HAL::sampleKey(uint8_t&)	0	static
HAL.hpp:737:18:virtual void touchgfx::HAL::setAnimationStorage(void*)	0	static
HAL.hpp:876:30:virtual touchgfx::FlashDataReader* touchgfx::HAL::getFlashDataReader() const	0	static
HAL.hpp:1025:18:virtual void touchgfx::HAL::taskDelay(uint16_t)	0	static
HAL.hpp:1052:22:virtual uint16_t touchgfx::HAL::getTFTCurrentLine()	0	static
HAL.hpp:1063:21:virtual touchgfx::DMAType touchgfx::HAL::getDMAType()	0	static
HAL.hpp:1189:18:virtual void touchgfx::HAL::InvalidateCache()	0	static
HAL.hpp:1199:18:virtual void touchgfx::HAL::FlushCache()	0	static
TouchGFXHAL.hpp:37:7:TouchGFXHAL::~TouchGFXHAL()	0	static
TouchGFXHAL.cpp:34:6:virtual void TouchGFXHAL::initialize()	16	static
TouchGFXHAL.cpp:55:11:virtual uint16_t* TouchGFXHAL::getTFTFrameBuffer() const	0	static
TouchGFXHAL.cpp:70:6:virtual void TouchGFXHAL::setTFTFrameBuffer(uint16_t*)	0	static
TouchGFXHAL.cpp:87:6:virtual void TouchGFXHAL::flushFrameBuffer(const touchgfx::Rect&)	0	static
TouchGFXHAL.cpp:102:6:virtual bool TouchGFXHAL::blockCopy(void*, const void*, uint32_t)	0	static
TouchGFXHAL.cpp:111:6:virtual void TouchGFXHAL::configureInterrupts()	0	static
TouchGFXHAL.cpp:124:6:virtual void TouchGFXHAL::enableInterrupts()	0	static
TouchGFXHAL.cpp:137:6:virtual void TouchGFXHAL::disableInterrupts()	0	static
TouchGFXHAL.cpp:151:6:virtual void TouchGFXHAL::enableLCDControllerInterrupt()	0	static
TouchGFXHAL.cpp:161:6:virtual bool TouchGFXHAL::beginFrame()	0	static
TouchGFXHAL.cpp:166:6:virtual void TouchGFXHAL::endFrame()	0	static
HAL.hpp:720:18:virtual void touchgfx::HAL::setFrameBufferStartAddresses(void*, void*, void*)	8	static
HAL.hpp:156:18:virtual void touchgfx::HAL::setFrameBufferSize(uint16_t, uint16_t)	8	static
HAL.hpp:638:18:virtual void touchgfx::HAL::backPorchExited()	8	static
TouchGFXGeneratedHAL.hpp:119:18:virtual void TouchGFXGeneratedHAL::unlockFrameBuffer()	0	static
TouchGFXHAL.hpp:109:18:virtual void TouchGFXHAL::flushFrameBuffer()	0	static
TouchGFXHAL.hpp:37:7:virtual TouchGFXHAL::~TouchGFXHAL()	8	static
HAL.hpp:320:28:virtual touchgfx::BlitOperations touchgfx::HAL::getBlitCaps()	0	static
HAL.hpp:1162:18:virtual void touchgfx::HAL::performDisplayOrientationChange()	8	static
TouchGFXHAL.cpp:173:19:long int IdleTaskHook(void*)	8	static
TouchGFXHAL.cpp:185:1:cpp)	0	static
