D:/stm32/workspace/crane_sample01/Core/Src/stm32u5xx_hal_msp.c:67:6:HAL_MspInit	8	static
D:/stm32/workspace/crane_sample01/Core/Src/stm32u5xx_hal_msp.c:91:6:HAL_CRC_MspInit	8	static
D:/stm32/workspace/crane_sample01/Core/Src/stm32u5xx_hal_msp.c:113:6:HAL_CRC_MspDeInit	0	static
D:/stm32/workspace/crane_sample01/Core/Src/stm32u5xx_hal_msp.c:135:6:HAL_DCACHE_MspInit	8	static
D:/stm32/workspace/crane_sample01/Core/Src/stm32u5xx_hal_msp.c:168:6:HAL_DCACHE_MspDeInit	0	static
D:/stm32/workspace/crane_sample01/Core/Src/stm32u5xx_hal_msp.c:201:6:HAL_DMA2D_MspInit	16	static
D:/stm32/workspace/crane_sample01/Core/Src/stm32u5xx_hal_msp.c:226:6:HAL_DMA2D_MspDeInit	0	static
D:/stm32/workspace/crane_sample01/Core/Src/stm32u5xx_hal_msp.c:251:6:HAL_GPU2D_MspInit	16	static
D:/stm32/workspace/crane_sample01/Core/Src/stm32u5xx_hal_msp.c:279:6:HAL_GPU2D_MspDeInit	8	static
D:/stm32/workspace/crane_sample01/Core/Src/stm32u5xx_hal_msp.c:306:6:HAL_XSPI_MspInit	280	static
D:/stm32/workspace/crane_sample01/Core/Src/stm32u5xx_hal_msp.c:383:6:HAL_XSPI_MspDeInit	8	static
D:/stm32/workspace/crane_sample01/Core/Src/stm32u5xx_hal_msp.c:426:6:HAL_I2C_MspInit	264	static
D:/stm32/workspace/crane_sample01/Core/Src/stm32u5xx_hal_msp.c:472:6:HAL_I2C_MspDeInit	8	static
D:/stm32/workspace/crane_sample01/Core/Src/stm32u5xx_hal_msp.c:503:6:HAL_JPEG_MspInit	32	static
D:/stm32/workspace/crane_sample01/Core/Src/stm32u5xx_hal_msp.c:592:6:HAL_JPEG_MspDeInit	8	static
D:/stm32/workspace/crane_sample01/Core/Src/stm32u5xx_hal_msp.c:621:6:HAL_LTDC_MspInit	288	static
D:/stm32/workspace/crane_sample01/Core/Src/stm32u5xx_hal_msp.c:750:6:HAL_LTDC_MspDeInit	8	static
